TABLECREATED
TABLECREATED
TABLECREATED
TABLECREATED
TABLEERR
TABLEERR
TABLEERR
TABLEERR

