TRUENOTEXIST
TABLECREATED
TABLECREATED
TABLECREATED
TABLECREATED
SYMWRITE
SYMERR 
NOTFOUND
FOUND
NOTFOUND

